Picked up JAVA_TOOL_OPTIONS: -Dorg.sqlite.tmpdir=/root/sqlitetmp -Djava.io.tmpdir=/root/sqlitetmp
[=========                              ] 25%                                   WARNING: platform-tools package is not installed.
> Task :domain:checkKotlinGradlePluginConfigurationErrors SKIPPED
> Task :domain:compileKotlin
> Task :domain:compileJava NO-SOURCE
> Task :domain:processResources NO-SOURCE
> Task :domain:classes UP-TO-DATE
> Task :domain:jar

> Task :domain:compileTestKotlin
w: file:///workspace/cleanux/domain/src/test/kotlin/app/calisthenics/domain/ProfileEditTest.kt:79:19 Redundant creation of Json format. Creating instances for each usage can be slow.

> Task :domain:compileTestJava NO-SOURCE
> Task :domain:processTestResources NO-SOURCE
> Task :domain:testClasses UP-TO-DATE

> Task :domain:test
Picked up JAVA_TOOL_OPTIONS: -Dorg.sqlite.tmpdir=/root/sqlitetmp -Djava.io.tmpdir=/root/sqlitetmp

> Task :data:checkKotlinGradlePluginConfigurationErrors SKIPPED
> Task :data:preBuild UP-TO-DATE
> Task :data:preDebugBuild UP-TO-DATE
> Task :data:generateDebugResValues
> Task :data:generateDebugResources
> Task :data:packageDebugResources
> Task :data:processDebugNavigationResources
> Task :data:parseDebugLocalResources
> Task :data:generateDebugRFile
> Task :data:kspDebugKotlin
> Task :data:compileDebugKotlin
> Task :data:javaPreCompileDebug
> Task :data:compileDebugJavaWithJavac
> Task :data:bundleLibRuntimeToJarDebug
> Task :data:bundleLibCompileToJarDebug
> Task :data:preDebugUnitTestBuild UP-TO-DATE
> Task :data:generateDebugUnitTestStubRFile
> Task :data:kspDebugUnitTestKotlin NO-SOURCE
> Task :data:compileDebugUnitTestKotlin NO-SOURCE
> Task :data:javaPreCompileDebugUnitTest
> Task :data:compileDebugUnitTestJavaWithJavac NO-SOURCE
> Task :data:processDebugJavaRes
> Task :data:processDebugUnitTestJavaRes NO-SOURCE
> Task :data:testDebugUnitTest NO-SOURCE
> Task :app:checkKotlinGradlePluginConfigurationErrors SKIPPED
> Task :app:preBuild UP-TO-DATE
> Task :app:preDebugBuild UP-TO-DATE
> Task :app:generateDebugBuildConfig
> Task :data:writeDebugAarMetadata
> Task :app:checkDebugAarMetadata
> Task :app:processDebugNavigationResources
> Task :app:compileDebugNavigationResources
> Task :app:generateDebugResValues
> Task :app:collectDependencies
> Task :app:prepareLibraryDefinitionsDebug
> Task :app:mapDebugSourceSetPaths
> Task :app:generateDebugResources
> Task :app:mergeDebugResources
> Task :app:packageDebugResources
> Task :app:parseDebugLocalResources
> Task :app:createDebugCompatibleScreenManifests
> Task :app:extractDeepLinksDebug
> Task :data:extractDeepLinksDebug
> Task :data:processDebugManifest
> Task :app:processDebugMainManifest
> Task :app:processDebugManifest
> Task :app:processDebugManifestForPackage
> Task :data:compileDebugLibraryResources
> Task :app:processDebugResources
> Task :app:kspDebugKotlin

> Task :app:compileDebugKotlin
w: file:///workspace/cleanux/app/src/main/java/io/github/gonbei774/calisthenicsmemory/ui/history/HistoryScreen.kt:65:158 'val Icons.Filled.KeyboardArrowLeft: ImageVector' is deprecated. Use the AutoMirrored version at Icons.AutoMirrored.Filled.KeyboardArrowLeft.
w: file:///workspace/cleanux/app/src/main/java/io/github/gonbei774/calisthenicsmemory/ui/history/HistoryScreen.kt:67:199 'val Icons.Filled.KeyboardArrowRight: ImageVector' is deprecated. Use the AutoMirrored version at Icons.AutoMirrored.Filled.KeyboardArrowRight.
w: file:///workspace/cleanux/app/src/main/java/io/github/gonbei774/calisthenicsmemory/ui/train/PreviewScreen.kt:85:36 Redundant creation of Json format. Creating instances for each usage can be slow.

> Task :app:javaPreCompileDebug
> Task :app:compileDebugJavaWithJavac
> Task :app:bundleDebugClassesToRuntimeJar
> Task :app:bundleDebugClassesToCompileJar
> Task :app:kspDebugUnitTestKotlin

> Task :app:compileDebugUnitTestKotlin
w: file:///workspace/cleanux/app/src/test/java/io/github/gonbei774/calisthenicsmemory/ClipAssetsTest.kt:10:29 Java type mismatch: inferred type is 'kotlin.String?', but 'kotlin.String' was expected.
w: file:///workspace/cleanux/app/src/test/java/io/github/gonbei774/calisthenicsmemory/ui/NavShellTest.kt:65:37 Java type mismatch: inferred type is 'kotlin.String?', but 'kotlin.String' was expected.
w: file:///workspace/cleanux/app/src/test/java/io/github/gonbei774/calisthenicsmemory/ui/PreviewScreenTest.kt:110:20 Redundant creation of Json format. Creating instances for each usage can be slow.

> Task :app:preDebugUnitTestBuild UP-TO-DATE
> Task :app:javaPreCompileDebugUnitTest
> Task :app:compileDebugUnitTestJavaWithJavac NO-SOURCE
> Task :app:mergeDebugShaders
> Task :app:compileDebugShaders NO-SOURCE
> Task :app:generateDebugAssets UP-TO-DATE
> Task :data:mergeDebugShaders
> Task :data:compileDebugShaders NO-SOURCE
> Task :data:generateDebugAssets UP-TO-DATE
> Task :data:mergeDebugAssets
> Task :app:mergeDebugAssets
> Task :app:packageDebugUnitTestForUnitTest
> Task :app:processDebugUnitTestManifest
> Task :app:generateDebugUnitTestConfig
> Task :app:processDebugJavaRes
> Task :app:processDebugUnitTestJavaRes

> Task :app:testDebugUnitTest
Picked up JAVA_TOOL_OPTIONS: -Dorg.sqlite.tmpdir=/root/sqlitetmp -Djava.io.tmpdir=/root/sqlitetmp

> Task :data:checkDebugAarMetadata
> Task :data:mergeDebugJniLibFolders
> Task :data:mergeDebugNativeLibs NO-SOURCE
> Task :data:stripDebugDebugSymbols NO-SOURCE
> Task :data:copyDebugJniLibsProjectAndLocalJars
> Task :data:extractDebugAnnotations
> Task :data:extractDeepLinksForAarDebug
> Task :data:mergeDebugGeneratedProguardFiles
> Task :data:mergeDebugConsumerProguardFiles
> Task :data:prepareDebugArtProfile
> Task :data:prepareLintJarForPublish
> Task :data:mergeDebugJavaResource
> Task :data:syncDebugLibJars
> Task :data:bundleDebugLocalLintAar
> Task :app:preDebugAndroidTestBuild SKIPPED
> Task :app:generateDebugAndroidTestResValues
> Task :data:createFullJarDebug
> Task :data:writeDebugLintModelMetadata
> Task :app:generateDebugAndroidTestLintModel
> Task :app:extractProguardFiles
> Task :data:extractProguardFiles
> Task :data:generateDebugLintModel
> Task :app:generateDebugLintReportModel
> Task :app:generateDebugUnitTestLintModel
> Task :data:lintAnalyzeDebug
> Task :app:lintAnalyzeDebug
> Task :app:lintAnalyzeDebugAndroidTest
> Task :app:lintAnalyzeDebugUnitTest
> Task :data:preDebugAndroidTestBuild UP-TO-DATE
> Task :data:generateDebugAndroidTestResValues
> Task :data:generateDebugAndroidTestLintModel
> Task :data:generateDebugUnitTestLintModel
> Task :data:lintAnalyzeDebugAndroidTest
> Task :data:lintAnalyzeDebugUnitTest

> Task :app:lintReportDebug
Wrote HTML report to file:///workspace/cleanux/app/build/reports/lint-results-debug.html

> Task :app:lintDebug
> Task :app:mergeDebugNativeDebugMetadata NO-SOURCE
> Task :app:compressDebugAssets
> Task :app:desugarDebugFileDependencies
> Task :app:dexBuilderDebug
> Task :app:mergeDebugGlobalSynthetics
> Task :app:mergeDebugJavaResource
> Task :app:checkDebugDuplicateClasses
> Task :app:mergeExtDexDebug
> Task :data:bundleLibRuntimeToDirDebug
> Task :app:mergeLibDexDebug
> Task :app:mergeProjectDexDebug
> Task :app:mergeDebugJniLibFolders
> Task :data:copyDebugJniLibsProjectOnly
> Task :app:mergeDebugNativeLibs

> Task :app:stripDebugDebugSymbols
Unable to strip the following libraries, packaging them as they are: libandroidx.graphics.path.so. Run with --info option to learn more.

> Task :app:validateSigningDebug
> Task :app:writeDebugAppMetadata
> Task :app:writeDebugSigningConfigVersions
> Task :app:packageDebug
> Task :app:createDebugApkListingFileRedirect
> Task :app:assembleDebug

[Incubating] Problems report is available at: file:///workspace/cleanux/build/reports/problems/problems-report.html

Deprecated Gradle features were used in this build, making it incompatible with Gradle 9.0.

You can use '--warning-mode all' to show the individual deprecation warnings and determine if they come from your own scripts or plugins.

For more on this, please refer to https://docs.gradle.org/8.13/userguide/command_line_interface.html#sec:command_line_warnings in the Gradle documentation.

BUILD SUCCESSFUL in 54s
111 actionable tasks: 111 executed
