
==> Gradle wrapper and pinned runtime
Picked up JAVA_TOOL_OPTIONS: -Dorg.sqlite.tmpdir=/root/sqlitetmp -Djava.io.tmpdir=/root/sqlitetmp

------------------------------------------------------------
Gradle 8.13
------------------------------------------------------------

Build time:    2025-02-25 09:22:14 UTC
Revision:      073314332697ba45c16c0a0ce1891fa6794179ff

Kotlin:        2.0.21
Groovy:        3.0.22
Ant:           Apache Ant(TM) version 1.10.15 compiled on August 25 2024
Launcher JVM:  21.0.12.1 (Debian 21.0.12.1+1-1-deb13u1-Debian)
Daemon JVM:    /usr/lib/jvm/java-21-openjdk-arm64 (no JDK specified, using current Java home)
OS:            Linux 6.12.76-linuxkit aarch64


==> Domain, data and app unit tests
Picked up JAVA_TOOL_OPTIONS: -Dorg.sqlite.tmpdir=/root/sqlitetmp -Djava.io.tmpdir=/root/sqlitetmp
[=========                              ] 25%                                   
Checking the license for package Android SDK Platform-Tools in /opt/android-sdk/licenses
Warning: License for package Android SDK Platform-Tools not accepted.
WARNING: platform-tools package is not installed. Please accept the installation licence to continue
> Task :domain:checkKotlinGradlePluginConfigurationErrors SKIPPED
> Task :domain:compileKotlin
> Task :domain:compileJava NO-SOURCE
> Task :domain:processResources NO-SOURCE
> Task :domain:classes UP-TO-DATE
> Task :domain:jar
> Task :domain:compileTestKotlin
> Task :domain:compileTestJava NO-SOURCE
> Task :domain:processTestResources NO-SOURCE
> Task :domain:testClasses UP-TO-DATE

> Task :domain:test
Picked up JAVA_TOOL_OPTIONS: -Dorg.sqlite.tmpdir=/root/sqlitetmp -Djava.io.tmpdir=/root/sqlitetmp

> Task :data:checkKotlinGradlePluginConfigurationErrors SKIPPED
> Task :data:preBuild UP-TO-DATE
> Task :data:preDebugBuild UP-TO-DATE
> Task :data:generateDebugResValues
> Task :data:generateDebugResources
> Task :data:packageDebugResources
> Task :data:processDebugNavigationResources
> Task :data:parseDebugLocalResources
> Task :data:generateDebugRFile
> Task :data:kspDebugKotlin
> Task :data:compileDebugKotlin
> Task :data:javaPreCompileDebug
> Task :data:compileDebugJavaWithJavac
> Task :data:bundleLibRuntimeToJarDebug
> Task :data:bundleLibCompileToJarDebug
> Task :data:preDebugUnitTestBuild UP-TO-DATE
> Task :data:generateDebugUnitTestStubRFile
> Task :data:kspDebugUnitTestKotlin NO-SOURCE
> Task :data:compileDebugUnitTestKotlin NO-SOURCE
> Task :data:javaPreCompileDebugUnitTest
> Task :data:compileDebugUnitTestJavaWithJavac NO-SOURCE
> Task :data:processDebugJavaRes
> Task :data:processDebugUnitTestJavaRes NO-SOURCE
> Task :data:testDebugUnitTest NO-SOURCE
> Task :app:checkKotlinGradlePluginConfigurationErrors SKIPPED
> Task :app:preBuild UP-TO-DATE
> Task :app:preDebugBuild UP-TO-DATE
> Task :app:generateDebugBuildConfig
> Task :data:writeDebugAarMetadata
> Task :app:checkDebugAarMetadata
> Task :app:processDebugNavigationResources
> Task :app:compileDebugNavigationResources
> Task :app:generateDebugResValues
> Task :app:collectDependencies
> Task :app:prepareLibraryDefinitionsDebug
> Task :app:mapDebugSourceSetPaths
> Task :app:generateDebugResources
> Task :app:mergeDebugResources
> Task :app:packageDebugResources
> Task :app:parseDebugLocalResources
> Task :app:createDebugCompatibleScreenManifests
> Task :app:extractDeepLinksDebug
> Task :data:extractDeepLinksDebug
> Task :data:processDebugManifest
> Task :app:processDebugMainManifest
> Task :app:processDebugManifest
> Task :app:processDebugManifestForPackage
> Task :data:compileDebugLibraryResources
> Task :app:processDebugResources
> Task :app:kspDebugKotlin

> Task :app:compileDebugKotlin
w: file:///workspace/clean/app/src/main/java/io/github/gonbei774/calisthenicsmemory/ui/components/program/ProgramEditDialogs.kt:631:34 'fun Modifier.menuAnchor(): Modifier' is deprecated. Use overload that takes MenuAnchorType and enabled parameters.
w: file:///workspace/clean/app/src/main/java/io/github/gonbei774/calisthenicsmemory/ui/components/program/ProgramEditDialogs.kt:770:49 'val outlinedButtonBorder: BorderStroke' is deprecated. Please use the version that takes an `enabled` param to get the `BorderStroke` with the correct opacity.
w: file:///workspace/clean/app/src/main/java/io/github/gonbei774/calisthenicsmemory/ui/components/program/ProgramEditLoopComponents.kt:230:49 'val outlinedButtonBorder: BorderStroke' is deprecated. Please use the version that takes an `enabled` param to get the `BorderStroke` with the correct opacity.
w: file:///workspace/clean/app/src/main/java/io/github/gonbei774/calisthenicsmemory/ui/screens/IntervalEditScreen.kt:492:53 'val outlinedButtonBorder: BorderStroke' is deprecated. Please use the version that takes an `enabled` param to get the `BorderStroke` with the correct opacity.
w: file:///workspace/clean/app/src/main/java/io/github/gonbei774/calisthenicsmemory/ui/screens/ProgramEditScreen.kt:596:49 'val outlinedButtonBorder: BorderStroke' is deprecated. Please use the version that takes an `enabled` param to get the `BorderStroke` with the correct opacity.
w: file:///workspace/clean/app/src/main/java/io/github/gonbei774/calisthenicsmemory/ui/screens/ProgramEditScreen.kt:616:53 'val outlinedButtonBorder: BorderStroke' is deprecated. Please use the version that takes an `enabled` param to get the `BorderStroke` with the correct opacity.

> Task :app:javaPreCompileDebug
> Task :app:compileDebugJavaWithJavac
> Task :app:bundleDebugClassesToRuntimeJar
> Task :app:bundleDebugClassesToCompileJar
> Task :app:kspDebugUnitTestKotlin
> Task :app:compileDebugUnitTestKotlin
> Task :app:preDebugUnitTestBuild UP-TO-DATE
> Task :app:javaPreCompileDebugUnitTest
> Task :app:compileDebugUnitTestJavaWithJavac NO-SOURCE
> Task :app:processDebugJavaRes
> Task :app:processDebugUnitTestJavaRes

> Task :app:testDebugUnitTest
Picked up JAVA_TOOL_OPTIONS: -Dorg.sqlite.tmpdir=/root/sqlitetmp -Djava.io.tmpdir=/root/sqlitetmp

[Incubating] Problems report is available at: file:///workspace/clean/build/reports/problems/problems-report.html

Deprecated Gradle features were used in this build, making it incompatible with Gradle 9.0.

You can use '--warning-mode all' to show the individual deprecation warnings and determine if they come from your own scripts or plugins.

For more on this, please refer to https://docs.gradle.org/8.13/userguide/command_line_interface.html#sec:command_line_warnings in the Gradle documentation.

BUILD SUCCESSFUL in 53s
53 actionable tasks: 53 executed

==> App lint and debug APK build
Picked up JAVA_TOOL_OPTIONS: -Dorg.sqlite.tmpdir=/root/sqlitetmp -Djava.io.tmpdir=/root/sqlitetmp
[=========                              ] 25%                                   
Checking the license for package Android SDK Platform-Tools in /opt/android-sdk/licenses
Warning: License for package Android SDK Platform-Tools not accepted.
WARNING: platform-tools package is not installed. Please accept the installation licence to continue
> Task :data:preBuild UP-TO-DATE
> Task :data:preDebugBuild UP-TO-DATE
> Task :data:checkDebugAarMetadata
> Task :data:mergeDebugJniLibFolders
> Task :data:mergeDebugNativeLibs NO-SOURCE
> Task :data:stripDebugDebugSymbols NO-SOURCE
> Task :data:copyDebugJniLibsProjectAndLocalJars
> Task :data:checkKotlinGradlePluginConfigurationErrors SKIPPED
> Task :data:generateDebugResValues UP-TO-DATE
> Task :data:generateDebugResources UP-TO-DATE
> Task :data:packageDebugResources UP-TO-DATE
> Task :data:processDebugNavigationResources UP-TO-DATE
> Task :data:parseDebugLocalResources UP-TO-DATE
> Task :data:generateDebugRFile UP-TO-DATE
> Task :data:kspDebugKotlin UP-TO-DATE
> Task :data:compileDebugKotlin UP-TO-DATE
> Task :data:extractDebugAnnotations
> Task :data:extractDeepLinksForAarDebug
> Task :data:mergeDebugShaders
> Task :data:compileDebugShaders NO-SOURCE
> Task :data:generateDebugAssets UP-TO-DATE
> Task :data:mergeDebugAssets
> Task :data:javaPreCompileDebug UP-TO-DATE
> Task :data:compileDebugJavaWithJavac UP-TO-DATE
> Task :data:mergeDebugGeneratedProguardFiles
> Task :data:mergeDebugConsumerProguardFiles
> Task :data:prepareDebugArtProfile
> Task :data:prepareLintJarForPublish
> Task :data:processDebugManifest UP-TO-DATE
> Task :data:processDebugJavaRes UP-TO-DATE
> Task :data:mergeDebugJavaResource
> Task :data:syncDebugLibJars
> Task :data:writeDebugAarMetadata UP-TO-DATE
> Task :data:bundleDebugLocalLintAar
> Task :domain:checkKotlinGradlePluginConfigurationErrors SKIPPED
> Task :domain:compileKotlin UP-TO-DATE
> Task :domain:compileJava NO-SOURCE
> Task :domain:processResources NO-SOURCE
> Task :domain:classes UP-TO-DATE
> Task :domain:jar UP-TO-DATE
> Task :app:checkKotlinGradlePluginConfigurationErrors SKIPPED
> Task :app:preBuild UP-TO-DATE
> Task :app:preDebugBuild UP-TO-DATE
> Task :app:generateDebugBuildConfig UP-TO-DATE
> Task :app:checkDebugAarMetadata UP-TO-DATE
> Task :app:processDebugNavigationResources UP-TO-DATE
> Task :app:compileDebugNavigationResources UP-TO-DATE
> Task :app:generateDebugResValues UP-TO-DATE
> Task :app:collectDependencies UP-TO-DATE
> Task :app:prepareLibraryDefinitionsDebug UP-TO-DATE
> Task :app:mapDebugSourceSetPaths UP-TO-DATE
> Task :app:generateDebugResources UP-TO-DATE
> Task :app:mergeDebugResources UP-TO-DATE
> Task :app:packageDebugResources UP-TO-DATE
> Task :app:parseDebugLocalResources UP-TO-DATE
> Task :app:createDebugCompatibleScreenManifests UP-TO-DATE
> Task :app:extractDeepLinksDebug UP-TO-DATE
> Task :data:extractDeepLinksDebug UP-TO-DATE
> Task :app:processDebugMainManifest UP-TO-DATE
> Task :app:processDebugManifest UP-TO-DATE
> Task :app:processDebugManifestForPackage UP-TO-DATE
> Task :data:compileDebugLibraryResources UP-TO-DATE
> Task :app:processDebugResources UP-TO-DATE
> Task :data:bundleLibCompileToJarDebug UP-TO-DATE
> Task :app:kspDebugKotlin UP-TO-DATE
> Task :app:compileDebugKotlin UP-TO-DATE
> Task :app:javaPreCompileDebug UP-TO-DATE
> Task :app:compileDebugJavaWithJavac UP-TO-DATE
> Task :app:bundleDebugClassesToCompileJar UP-TO-DATE
> Task :app:preDebugAndroidTestBuild SKIPPED
> Task :app:generateDebugAndroidTestResValues
> Task :data:bundleLibRuntimeToJarDebug UP-TO-DATE
> Task :data:createFullJarDebug
> Task :data:writeDebugLintModelMetadata
> Task :app:generateDebugAndroidTestLintModel
> Task :app:extractProguardFiles
> Task :data:extractProguardFiles
> Task :data:generateDebugLintModel
> Task :app:generateDebugLintReportModel
> Task :app:preDebugUnitTestBuild UP-TO-DATE
> Task :app:generateDebugUnitTestLintModel
> Task :data:lintAnalyzeDebug
> Task :app:lintAnalyzeDebug
> Task :app:lintAnalyzeDebugAndroidTest
> Task :app:lintAnalyzeDebugUnitTest
> Task :data:preDebugAndroidTestBuild UP-TO-DATE
> Task :data:generateDebugAndroidTestResValues
> Task :data:generateDebugAndroidTestLintModel
> Task :data:preDebugUnitTestBuild UP-TO-DATE
> Task :data:generateDebugUnitTestLintModel
> Task :data:lintAnalyzeDebugAndroidTest
> Task :data:lintAnalyzeDebugUnitTest

> Task :app:lintReportDebug
Wrote HTML report to file:///workspace/clean/app/build/reports/lint-results-debug.html

> Task :app:lintDebug
> Task :app:mergeDebugNativeDebugMetadata NO-SOURCE
> Task :app:mergeDebugShaders
> Task :app:compileDebugShaders NO-SOURCE
> Task :app:generateDebugAssets UP-TO-DATE
> Task :app:mergeDebugAssets
> Task :app:compressDebugAssets
> Task :app:desugarDebugFileDependencies
> Task :app:dexBuilderDebug
> Task :app:mergeDebugGlobalSynthetics
> Task :app:processDebugJavaRes UP-TO-DATE
> Task :app:mergeDebugJavaResource
> Task :app:checkDebugDuplicateClasses
> Task :app:mergeExtDexDebug
> Task :data:bundleLibRuntimeToDirDebug
> Task :app:mergeLibDexDebug
> Task :app:mergeProjectDexDebug
> Task :app:mergeDebugJniLibFolders
> Task :data:copyDebugJniLibsProjectOnly
> Task :app:mergeDebugNativeLibs

> Task :app:stripDebugDebugSymbols
Unable to strip the following libraries, packaging them as they are: libandroidx.graphics.path.so. Run with --info option to learn more.

> Task :app:validateSigningDebug
> Task :app:writeDebugAppMetadata
> Task :app:writeDebugSigningConfigVersions
> Task :app:packageDebug
> Task :app:createDebugApkListingFileRedirect
> Task :app:assembleDebug

BUILD SUCCESSFUL in 2m 32s
98 actionable tasks: 55 executed, 43 up-to-date

==> Starter content structure and rights validation
OK: content/starter passed content validation (structure + rights fields).
NOTE: structural validation only — training quality, tiers and media content are not judged by this tool.

All host-runnable verification checks passed.
Device checks (only after explicit device authorization):
  adb devices -l
  ./gradlew :data:connectedDebugAndroidTest :app:connectedDebugAndroidTest
